BL51 BANKED LINKER/LOCATER V6.22.2.0                                                    03/31/2019  11:33:29  PAGE 1


BL51 BANKED LINKER/LOCATER V6.22.2.0, INVOKED BY:
D:\KEIL5\C51\BIN\BL51.EXE .\Objects\main.obj TO .\Objects\test PRINT (.\Listings\test.m51)


MEMORY MODEL: SMALL


INPUT MODULES INCLUDED:
  .\Objects\main.obj (MAIN)
  D:\KEIL5\C51\LIB\C51S.LIB (?C_STARTUP)
  D:\KEIL5\C51\LIB\C51S.LIB (?C?CLDPTR)
  D:\KEIL5\C51\LIB\C51S.LIB (?C_INIT)


LINK MAP OF MODULE:  .\Objects\test (MAIN)


            TYPE    BASE      LENGTH    RELOCATION   SEGMENT NAME
            -----------------------------------------------------

            * * * * * * *   D A T A   M E M O R Y   * * * * * * *
            REG     0000H     0008H     ABSOLUTE     "REG BANK 0"
            DATA    0008H     0011H     UNIT         ?DT?MAIN
            DATA    0019H     0003H     UNIT         _DATA_GROUP_
            IDATA   001CH     0001H     UNIT         ?STACK

            * * * * * * *   C O D E   M E M O R Y   * * * * * * *
            CODE    0000H     0003H     ABSOLUTE     
                    0003H     07FDH                  *** GAP ***
            CODE    0800H     008CH     UNIT         ?C_C51STARTUP
            CODE    088CH     004BH     UNIT         ?PR?MAIN?MAIN
            CODE    08D7H     0025H     UNIT         ?PR?_UART_SEND_STRING?MAIN
            CODE    08FCH     0019H     UNIT         ?C?LIB_CODE
            CODE    0915H     0018H     UNIT         ?C_INITSEG
            CODE    092DH     000FH     UNIT         ?PR?_DELAY?MAIN
            CODE    093CH     000FH     UNIT         ?PR?UART_INIT?MAIN
            CODE    094BH     0008H     UNIT         ?PR?_UART_SEND_BYTE?MAIN



OVERLAY MAP OF MODULE:   .\Objects\test (MAIN)


SEGMENT                              DATA_GROUP 
  +--> CALLED SEGMENT              START    LENGTH
--------------------------------------------------
?C_C51STARTUP                      -----    -----
  +--> ?PR?MAIN?MAIN
  +--> ?C_INITSEG

?PR?MAIN?MAIN                      -----    -----
  +--> ?PR?UART_INIT?MAIN
  +--> ?PR?_DELAY?MAIN
  +--> ?PR?_UART_SEND_STRING?MAIN

?PR?_UART_SEND_STRING?MAIN         0019H    0003H
  +--> ?PR?_UART_SEND_BYTE?MAIN

BL51 BANKED LINKER/LOCATER V6.22.2.0                                                  03/31/2019  11:33:29  PAGE 2




SYMBOL TABLE OF MODULE:  .\Objects\test (MAIN)

  VALUE           TYPE          NAME
  ----------------------------------

  -------         MODULE        MAIN
  C:0000H         SYMBOL        _ICE_DUMMY_
  D:00B0H         PUBLIC        P3
  C:0931H         PUBLIC        _delay
  B:0098H.1       PUBLIC        TI
  B:00B0H.5       PUBLIC        s1
  B:00B0H.4       PUBLIC        s2
  B:00B0H.3       PUBLIC        s3
  C:088CH         PUBLIC        main
  D:0099H         PUBLIC        SBUF
  D:0098H         PUBLIC        SCON
  D:0089H         PUBLIC        TMOD
  C:08D7H         PUBLIC        _UART_send_string
  D:008DH         PUBLIC        TH1
  D:0008H         PUBLIC        Buf1
  D:000EH         PUBLIC        Buf2
  D:0014H         PUBLIC        Buf3
  D:008BH         PUBLIC        TL1
  C:093CH         PUBLIC        UART_init
  B:0088H.6       PUBLIC        TR1
  C:094BH         PUBLIC        _UART_send_byte
  C:092DH         SYMBOL        L?0029
  -------         PROC          L?0028
  -------         ENDPROC       L?0028
  C:092DH         SYMBOL        L?0029
  -------         PROC          _DELAY
  D:0006H         SYMBOL        n
  C:0931H         LINE#         17
  C:0931H         LINE#         18
  C:0931H         LINE#         19
  C:093BH         LINE#         20
  -------         ENDPROC       _DELAY
  -------         PROC          UART_INIT
  C:093CH         LINE#         26
  C:093CH         LINE#         27
  C:093CH         LINE#         28
  C:093FH         LINE#         30
  C:0942H         LINE#         31
  C:0945H         LINE#         32
  C:0948H         LINE#         34
  C:094AH         LINE#         35
  -------         ENDPROC       UART_INIT
  -------         PROC          _UART_SEND_BYTE
  D:0007H         SYMBOL        dat
  C:094BH         LINE#         40
  C:094BH         LINE#         41
  C:094BH         LINE#         42
  C:094DH         LINE#         43
  C:0950H         LINE#         44
  C:0952H         LINE#         45
BL51 BANKED LINKER/LOCATER V6.22.2.0                                                  03/31/2019  11:33:29  PAGE 3


  -------         ENDPROC       _UART_SEND_BYTE
  -------         PROC          _UART_SEND_STRING
  D:0019H         SYMBOL        buf
  C:08D7H         LINE#         50
  C:08DDH         LINE#         51
  C:08DDH         LINE#         52
  C:08E8H         LINE#         53
  C:08E8H         LINE#         54
  C:08F9H         LINE#         55
  C:08FBH         LINE#         56
  -------         ENDPROC       _UART_SEND_STRING
  -------         PROC          MAIN
  C:088CH         LINE#         58
  C:088CH         LINE#         59
  C:088CH         LINE#         60
  C:088FH         LINE#         62
  C:088FH         LINE#         63
  C:088FH         LINE#         64
  C:0892H         LINE#         65
  C:0892H         LINE#         66
  C:0895H         LINE#         67
  C:0898H         LINE#         68
  C:0898H         LINE#         69
  C:08A1H         LINE#         70
  C:08A1H         LINE#         71
  C:08A4H         LINE#         72
  C:08A4H         LINE#         74
  C:08A7H         LINE#         75
  C:08A7H         LINE#         76
  C:08AAH         LINE#         77
  C:08ADH         LINE#         78
  C:08ADH         LINE#         79
  C:08B6H         LINE#         80
  C:08B6H         LINE#         81
  C:08B9H         LINE#         82
  C:08B9H         LINE#         84
  C:08BCH         LINE#         85
  C:08BCH         LINE#         86
  C:08BFH         LINE#         87
  C:08C2H         LINE#         88
  C:08C2H         LINE#         89
  C:08CBH         LINE#         90
  C:08CBH         LINE#         91
  C:08CEH         LINE#         92
  C:08CEH         LINE#         93
  C:08D5H         LINE#         94
  -------         ENDPROC       MAIN
  -------         ENDMOD        MAIN

  -------         MODULE        ?C?CLDPTR
  C:08FCH         PUBLIC        ?C?CLDPTR
  -------         ENDMOD        ?C?CLDPTR

******************************************************************************
* RESTRICTED VERSION WITH 0800H BYTE CODE SIZE LIMIT; USED: 00ADH BYTE ( 8%) *
******************************************************************************

BL51 BANKED LINKER/LOCATER V6.22.2.0                                                  03/31/2019  11:33:29  PAGE 4


Program Size: data=29.0 xdata=0 code=342
LINK/LOCATE RUN COMPLETE.  0 WARNING(S),  0 ERROR(S)
